systemFont(0):Arial,MS Sans Serif(Swiss)
times(20):Times New Roman,MS Serif(Roman)
Osaka(16384):Arial,MS Sans Serif(Swiss)
helvetica(21):Arial,MS Sans Serif(Swiss)
courier(22):Courier New(Modern)
applFont(1):Arial,MS Sans Serif(Swiss)
newYork(2):Times New Roman,MS Serif(Roman)
geneva(3):Arial,MS Sans Serif(Swiss)
monaco(4):Courier New(Modern)
venice(5):Times New Roman,MS Serif(Roman)
london(6):Times New Roman,MS Serif(Roman)
athens(7):Times New Roman,MS Serif(Roman)
sanFran(8):Times New Roman,MS Serif(Roman)
toronto(9):Times New Roman,MS Serif(Roman)
cairo(11):Wingdings(Decorative)
losAngeles(12):Times New Roman,MS Serif(Roman)
symbol(23):Symbol(Decorative)
taliesin(24):Wingdings(Roman)
MS Serif(128):MS Serif(Roman)
Tms Rmn(129):Tms Rmn(Roman)
Times(130):Times,MS Serif(Roman)
MS Sans Serif(131):MS Sans Serif(Swiss)
Helv(132):Helv,MS Sans Serif(Swiss)
Helvetica(133):Helvetica,MS Sans Serif(Swiss)
Courier(134):Courier(Modern)
Modern(135):Modern(Modern)
Roman(136):Roman(Script)
Script(137):Script(Script)
Terminal(138):Terminal(Modern)
Arial(139):Arial(Swiss)
Times New Roman(140):Times New Roman(Roman)
Courier New(141):Courier New(Modern)
